
[1m[46m RUN [49m[22m [36mv4.0.16 [39m[90mE:/Cloudflare/MiSub[39m

 [31m鉂?[39m tests/unit/snell.test.js [2m([22m[2m16 tests[22m[2m | [22m[31m1 failed[39m[2m)[22m[32m 11[2mms[22m[39m
       [32m鉁?[39m 搴旀纭В鏋愬熀纭€ Snell URL[32m 1[2mms[22m[39m
       [32m鉁?[39m 搴旀纭В鏋愬甫 reuse 鍜?tfo 鍙傛暟鐨?Snell URL[32m 0[2mms[22m[39m
       [32m鉁?[39m 搴旀纭В鏋愬甫娣锋穯鍙傛暟鐨?Snell URL[32m 0[2mms[22m[39m
       [32m鉁?[39m 搴斿鐞?URL 缂栫爜鐨勫弬鏁?[32m 0[2mms[22m[39m
       [32m鉁?[39m 搴旈獙璇佹湁鏁堢殑 Snell 鑺傜偣[32m 0[2mms[22m[39m
       [32m鉁?[39m 搴旀嫆缁濇棤鏁堢殑鐗堟湰鍙?[32m 0[2mms[22m[39m
       [32m鉁?[39m 搴旀嫆缁濅笉鏀寔鐨勬贩娣嗘ā寮?[32m 0[2mms[22m[39m
       [32m鉁?[39m 搴旀嫆缁濇棤鏁堢殑绔彛鍙?[32m 0[2mms[22m[39m
       [32m鉁?[39m 搴旀嫆缁濋潪 Snell 鍗忚 URL[32m 0[2mms[22m[39m
       [32m鉁?[39m 搴旀纭В鏋愬熀纭€ Surge Snell 閰嶇疆[32m 1[2mms[22m[39m
       [32m鉁?[39m 搴旀纭В鏋愬甫 reuse 鍜?tfo 鐨?Surge Snell 閰嶇疆[32m 0[2mms[22m[39m
       [32m鉁?[39m 搴旀纭В鏋愬甫娣锋穯鐨?Surge Snell 閰嶇疆[32m 0[2mms[22m[39m
[31m       [31m脳[31m 搴旀纭В鏋愬畬鏁村弬鏁扮殑 Surge Snell 閰嶇疆[39m[32m 4[2mms[22m[39m
       [32m鉁?[39m 搴斿拷鐣ョ己灏?PSK 鐨?Snell 閰嶇疆[32m 0[2mms[22m[39m
       [32m鉁?[39m 搴旀纭В鏋愬甫瀹屾暣鍙傛暟鐨?VMess 閰嶇疆[32m 0[2mms[22m[39m
       [32m鉁?[39m 搴旀纭В鏋愬寘鍚绉嶅崗璁殑 Surge 閰嶇疆[32m 0[2mms[22m[39m
node.exe : 
所在位置 C:\Program Files\nodejs\npx.ps1:29 字符:
 3
+   & $NODE_EXE $NPX_CLI_JS $args
+   ~~~~~~~~~~~~~~~~~~~~~~~~~~~~~
    + CategoryInfo          : NotSpecified 
   : (:String) [], RemoteException
    + FullyQualifiedErrorId : NativeComman 
   dError
 
[31m鈳幆鈳幆鈳幆鈳?[39m[1m[41m Failed Tests 
1 [49m[22m[31m鈳幆鈳幆鈳幆鈳?[39m

[41m[1m FAIL [22m[49m tests/unit/snell.
test.js[2m > [22mSnell 鍗忚鏀寔[2m > [22m
Surge Snell 閰嶇疆瑙ｆ瀽[2m > [22m搴旀纭В鏋愬畬鏁村弬鏁
扮殑 Surge Snell 閰嶇疆
[31m[1mReferenceError[22m: extractValidN
odes is not defined[39m
[36m [2m鉂?[22m tests/unit/snell.test.js:
[2m133:27[22m[39m
    [90m131| [39m            const config
 = `Full-Snell = snell, full.example.com, 4
43,鈥?    [90m132| [39m馃嚭馃嚫Snell - US = sn
ell, image.apple.com, 443, psk = RygGbqC47m
uxRlJUaW鈥?    [90m133| [39m            [
35mconst[39m nodes [33m=[39m [34mextrac
tValidNodes[39m(config)[33m;[39m
    [90m   | [39m                        
  [31m^[39m
    [90m134| [39m            
    [90m135| [39m            [34mexpect
[39m(nodes[33m.[39mlength)[33m.[39m[34
mtoBe[39m([34m2[39m)[33m;[39m

[31m[2m鈳幆鈳幆鈳幆鈳幆鈳幆鈳幆鈳幆鈳幆鈳幆鈳幆鈳幆鈳
幆[1/1]鈳?[22m[39m


[2m Test Files [22m [1m[31m1 failed[39m[22m[90m (1)[39m
[2m      Tests [22m [1m[31m1 failed[39m[22m[2m | [22m[1m[32m15 passed[39m[22m[90m (16)[39m
[2m   Start at [22m 23:56:38
[2m   Duration [22m 805ms[2m (transform 106ms, setup 0ms, import 153ms, tests 11ms, environment 462ms)[22m

